// Jest Snapshot v1, https://goo.gl/fbAQLP

exports[`Test RangePickerPanel should render RangePickerPanel correctly 1`] = `
.c0 {
  background-color: #FFFFFF;
  padding: 16px;
  display: -webkit-inline-box;
  display: -webkit-inline-flex;
  display: -ms-inline-flexbox;
  display: inline-flex;
  border: 1px solid #BEC1C8;
  box-shadow: 0px 2px 8px -2px rgba(51,51,51,0.16);
  margin-top: 12px;
  position: absolute;
  z-index: 2;
}

<div
  class="c0"
>
  <div>
    RangePickerController
  </div>
  <div>
    <div />
    <div
      defaultdate="[object Object]"
    >
      children
    </div>
  </div>
</div>
`;
