// Jest Snapshot v1, https://goo.gl/fbAQLP

exports[`Test RangePickerPanelHeader should render RangePickerPanelHeader with TH text correctly 1`] = `
.c0 input,
.c0 svg {
  pointer-events: none;
}

.c0 input:focus {
  border: 1px solid #D3D6DA;
  box-shadow: none;
}

<div>
  <div
    class="c0"
  >
    <div
      label="เริ่มต้น"
      value="01/01/2020"
    />
  </div>
  <div
    class="c0"
  >
    <div
      label="สิ้นสุด"
      value="02/01/2020"
    />
  </div>
</div>
`;
