// Jest Snapshot v1, https://goo.gl/fbAQLP

exports[`generateCalendarTable should generate calender correctly 1`] = `
Array [
  Array [
    2020-09-26T17:00:00.000Z,
    2020-09-27T17:00:00.000Z,
    2020-09-28T17:00:00.000Z,
    2020-09-29T17:00:00.000Z,
    2020-09-30T17:00:00.000Z,
    2020-10-01T17:00:00.000Z,
    2020-10-02T17:00:00.000Z,
  ],
  Array [
    2020-10-03T17:00:00.000Z,
    2020-10-04T17:00:00.000Z,
    2020-10-05T17:00:00.000Z,
    2020-10-06T17:00:00.000Z,
    2020-10-07T17:00:00.000Z,
    2020-10-08T17:00:00.000Z,
    2020-10-09T17:00:00.000Z,
  ],
  Array [
    2020-10-10T17:00:00.000Z,
    2020-10-11T17:00:00.000Z,
    2020-10-12T17:00:00.000Z,
    2020-10-13T17:00:00.000Z,
    2020-10-14T17:00:00.000Z,
    2020-10-15T17:00:00.000Z,
    2020-10-16T17:00:00.000Z,
  ],
  Array [
    2020-10-17T17:00:00.000Z,
    2020-10-18T17:00:00.000Z,
    2020-10-19T17:00:00.000Z,
    2020-10-20T17:00:00.000Z,
    2020-10-21T17:00:00.000Z,
    2020-10-22T17:00:00.000Z,
    2020-10-23T17:00:00.000Z,
  ],
  Array [
    2020-10-24T17:00:00.000Z,
    2020-10-25T17:00:00.000Z,
    2020-10-26T17:00:00.000Z,
    2020-10-27T17:00:00.000Z,
    2020-10-28T17:00:00.000Z,
    2020-10-29T17:00:00.000Z,
    2020-10-30T17:00:00.000Z,
  ],
]
`;
